ARM Linker, 5.03 [Build 76] [MDK-ARM Standard]

==============================================================================

Section Cross References

    stm32f10x.o(RESET) refers to stm32f10x.o(STACK) for __initial_sp
    stm32f10x.o(RESET) refers to stm32f10x.o(.text) for Reset_Handler
    stm32f10x.o(RESET) refers to exti.o(.text) for EXTI0_IRQHandler
    stm32f10x.o(RESET) refers to timer.o(.text) for TIM3_IRQHandler
    stm32f10x.o(.text) refers to entry.o(.ARM.Collect$$$$00000000) for __main
    test.o(.text) refers to delay.o(.text) for delay_ms
    test.o(.text) refers to led.o(.text) for SetLed
    test.o(.text) refers to sys.o(.text) for Stm32_Clock_Init
    test.o(.text) refers to exti.o(.text) for EXTIX_Init
    test.o(.text) refers to test.o(.data) for red
    delay.o(.text) refers to delay.o(.data) for fac_us
    led.o(.text) refers to led.o(.data) for segTable
    key.o(.text) refers to delay.o(.text) for delay_ms
    key.o(.text) refers to key.o(.data) for key_up
    exti.o(.text) refers to delay.o(.text) for delay_ms
    exti.o(.text) refers to sys.o(.text) for Ex_NVIC_Config
    exti.o(.text) refers to test.o(.data) for keystate
    exti.o(.text) refers to exti.o(.data) for gtimes
    timer.o(.text) refers to sys.o(.text) for MY_NVIC_Init
    timer.o(.text) refers to delay.o(.text) for delay_ms
    timer.o(.text) refers to led.o(.text) for SetLed
    timer.o(.text) refers to test.o(.data) for red
    timer.o(.text) refers to timer.o(.data) for time
    entry.o(.ARM.Collect$$$$00000000) refers (Special) to entry10a.o(.ARM.Collect$$$$0000000D) for __rt_final_cpp
    entry.o(.ARM.Collect$$$$00000000) refers (Special) to entry11a.o(.ARM.Collect$$$$0000000F) for __rt_final_exit
    entry.o(.ARM.Collect$$$$00000000) refers (Special) to entry7b.o(.ARM.Collect$$$$00000008) for _main_clock
    entry.o(.ARM.Collect$$$$00000000) refers (Special) to entry8b.o(.ARM.Collect$$$$0000000A) for _main_cpp_init
    entry.o(.ARM.Collect$$$$00000000) refers (Special) to entry9a.o(.ARM.Collect$$$$0000000B) for _main_init
    entry.o(.ARM.Collect$$$$00000000) refers (Special) to entry5.o(.ARM.Collect$$$$00000004) for _main_scatterload
    entry.o(.ARM.Collect$$$$00000000) refers (Special) to entry2.o(.ARM.Collect$$$$00000001) for _main_stk
    entry2.o(.ARM.Collect$$$$00000001) refers to entry2.o(.ARM.Collect$$$$00002712) for __lit__00000000
    entry2.o(.ARM.Collect$$$$00002712) refers to stm32f10x.o(STACK) for __initial_sp
    entry2.o(__vectab_stack_and_reset_area) refers to stm32f10x.o(STACK) for __initial_sp
    entry2.o(__vectab_stack_and_reset_area) refers to entry.o(.ARM.Collect$$$$00000000) for __main
    entry5.o(.ARM.Collect$$$$00000004) refers to init.o(.text) for __scatterload
    entry9a.o(.ARM.Collect$$$$0000000B) refers to test.o(.text) for main
    entry9b.o(.ARM.Collect$$$$0000000C) refers to test.o(.text) for main
    init.o(.text) refers to entry5.o(.ARM.Collect$$$$00000004) for __main_after_scatterload


==============================================================================

Removing Unused input sections from the image.

    Removing stm32f10x.o(HEAP), (0 bytes).
    Removing key.o(.text), (164 bytes).
    Removing key.o(.data), (1 bytes).

3 unused section(s) (total 165 bytes) removed from the image.

==============================================================================

Image Symbol Table

    Local Symbols

    Symbol Name                              Value     Ov Type        Size  Object(Section)

    ../clib/microlib/init/entry.s            0x00000000   Number         0  entry10b.o ABSOLUTE
    ../clib/microlib/init/entry.s            0x00000000   Number         0  entry11a.o ABSOLUTE
    ../clib/microlib/init/entry.s            0x00000000   Number         0  entry11b.o ABSOLUTE
    ../clib/microlib/init/entry.s            0x00000000   Number         0  entry5.o ABSOLUTE
    ../clib/microlib/init/entry.s            0x00000000   Number         0  entry7b.o ABSOLUTE
    ../clib/microlib/init/entry.s            0x00000000   Number         0  entry8a.o ABSOLUTE
    ../clib/microlib/init/entry.s            0x00000000   Number         0  entry7a.o ABSOLUTE
    ../clib/microlib/init/entry.s            0x00000000   Number         0  entry8b.o ABSOLUTE
    ../clib/microlib/init/entry.s            0x00000000   Number         0  entry9a.o ABSOLUTE
    ../clib/microlib/init/entry.s            0x00000000   Number         0  entry2.o ABSOLUTE
    ../clib/microlib/init/entry.s            0x00000000   Number         0  entry9b.o ABSOLUTE
    ../clib/microlib/init/entry.s            0x00000000   Number         0  entry10a.o ABSOLUTE
    ../clib/microlib/init/entry.s            0x00000000   Number         0  entry.o ABSOLUTE
    ..\HARDWARE\EXTI\exti.c                  0x00000000   Number         0  exti.o ABSOLUTE
    ..\HARDWARE\KEY\key.c                    0x00000000   Number         0  key.o ABSOLUTE
    ..\HARDWARE\LED\led.c                    0x00000000   Number         0  led.o ABSOLUTE
    ..\SYSTEM\delay\delay.c                  0x00000000   Number         0  delay.o ABSOLUTE
    ..\SYSTEM\sys\sys.c                      0x00000000   Number         0  sys.o ABSOLUTE
    STM32F10x.s                              0x00000000   Number         0  stm32f10x.o ABSOLUTE
    dc.s                                     0x00000000   Number         0  dc.o ABSOLUTE
    handlers.s                               0x00000000   Number         0  handlers.o ABSOLUTE
    init.s                                   0x00000000   Number         0  init.o ABSOLUTE
    test.c                                   0x00000000   Number         0  test.o ABSOLUTE
    timer.c                                  0x00000000   Number         0  timer.o ABSOLUTE
    RESET                                    0x08000000   Section      236  stm32f10x.o(RESET)
    .ARM.Collect$$$$00000000                 0x080000ec   Section        0  entry.o(.ARM.Collect$$$$00000000)
    .ARM.Collect$$$$00000001                 0x080000ec   Section        4  entry2.o(.ARM.Collect$$$$00000001)
    .ARM.Collect$$$$00000004                 0x080000f0   Section        4  entry5.o(.ARM.Collect$$$$00000004)
    .ARM.Collect$$$$00000008                 0x080000f4   Section        0  entry7b.o(.ARM.Collect$$$$00000008)
    .ARM.Collect$$$$0000000A                 0x080000f4   Section        0  entry8b.o(.ARM.Collect$$$$0000000A)
    .ARM.Collect$$$$0000000B                 0x080000f4   Section        8  entry9a.o(.ARM.Collect$$$$0000000B)
    .ARM.Collect$$$$0000000D                 0x080000fc   Section        0  entry10a.o(.ARM.Collect$$$$0000000D)
    .ARM.Collect$$$$0000000F                 0x080000fc   Section        0  entry11a.o(.ARM.Collect$$$$0000000F)
    .ARM.Collect$$$$00002712                 0x080000fc   Section        4  entry2.o(.ARM.Collect$$$$00002712)
    __lit__00000000                          0x080000fc   Data           4  entry2.o(.ARM.Collect$$$$00002712)
    .text                                    0x08000100   Section       28  stm32f10x.o(.text)
    .text                                    0x0800011c   Section        0  test.o(.text)
    .text                                    0x08000390   Section        0  delay.o(.text)
    .text                                    0x0800043c   Section        0  sys.o(.text)
    .text                                    0x080006a8   Section        0  led.o(.text)
    .text                                    0x080007fc   Section        0  exti.o(.text)
    .text                                    0x08000948   Section        0  timer.o(.text)
    .text                                    0x08000ae8   Section       36  init.o(.text)
    i.__scatterload_copy                     0x08000b0c   Section       14  handlers.o(i.__scatterload_copy)
    i.__scatterload_null                     0x08000b1a   Section        2  handlers.o(i.__scatterload_null)
    i.__scatterload_zeroinit                 0x08000b1c   Section       14  handlers.o(i.__scatterload_zeroinit)
    .data                                    0x20000000   Section        4  test.o(.data)
    .data                                    0x20000004   Section        4  delay.o(.data)
    fac_us                                   0x20000004   Data           1  delay.o(.data)
    fac_ms                                   0x20000006   Data           2  delay.o(.data)
    .data                                    0x20000008   Section       20  led.o(.data)
    .data                                    0x2000001c   Section        2  exti.o(.data)
    .data                                    0x2000001e   Section        1  timer.o(.data)
    STACK                                    0x20000020   Section      512  stm32f10x.o(STACK)

    Global Symbols

    Symbol Name                              Value     Ov Type        Size  Object(Section)

    BuildAttributes$$THM_ISAv4$P$D$K$B$S$PE$A:L22UL41UL21$X:L11$S22US41US21$IEEE1$IW$USESV6$~STKCKD$USESV7$~SHL$OSPACE$EBA8$MICROLIB$REQ8$PRES8$EABIv2 0x00000000   Number         0  anon$$obj.o ABSOLUTE
    __ARM_use_no_argv                        0x00000000   Number         0  test.o ABSOLUTE
    __cpp_initialize__aeabi_                  - Undefined Weak Reference
    __cxa_finalize                            - Undefined Weak Reference
    __decompress                              - Undefined Weak Reference
    _clock_init                               - Undefined Weak Reference
    _microlib_exit                            - Undefined Weak Reference
    __Vectors                                0x08000000   Data           4  stm32f10x.o(RESET)
    __main                                   0x080000ed   Thumb Code     0  entry.o(.ARM.Collect$$$$00000000)
    _main_stk                                0x080000ed   Thumb Code     0  entry2.o(.ARM.Collect$$$$00000001)
    _main_scatterload                        0x080000f1   Thumb Code     0  entry5.o(.ARM.Collect$$$$00000004)
    __main_after_scatterload                 0x080000f5   Thumb Code     0  entry5.o(.ARM.Collect$$$$00000004)
    _main_clock                              0x080000f5   Thumb Code     0  entry7b.o(.ARM.Collect$$$$00000008)
    _main_cpp_init                           0x080000f5   Thumb Code     0  entry8b.o(.ARM.Collect$$$$0000000A)
    _main_init                               0x080000f5   Thumb Code     0  entry9a.o(.ARM.Collect$$$$0000000B)
    __rt_final_cpp                           0x080000fd   Thumb Code     0  entry10a.o(.ARM.Collect$$$$0000000D)
    __rt_final_exit                          0x080000fd   Thumb Code     0  entry11a.o(.ARM.Collect$$$$0000000F)
    Reset_Handler                            0x08000101   Thumb Code     4  stm32f10x.o(.text)
    NMI_Handler                              0x08000105   Thumb Code     2  stm32f10x.o(.text)
    HardFault_Handler                        0x08000107   Thumb Code     2  stm32f10x.o(.text)
    MemManage_Handler                        0x08000109   Thumb Code     2  stm32f10x.o(.text)
    BusFault_Handler                         0x0800010b   Thumb Code     2  stm32f10x.o(.text)
    UsageFault_Handler                       0x0800010d   Thumb Code     2  stm32f10x.o(.text)
    SVC_Handler                              0x0800010f   Thumb Code     2  stm32f10x.o(.text)
    DebugMon_Handler                         0x08000111   Thumb Code     2  stm32f10x.o(.text)
    PendSV_Handler                           0x08000113   Thumb Code     2  stm32f10x.o(.text)
    SysTick_Handler                          0x08000115   Thumb Code     2  stm32f10x.o(.text)
    ADC_IRQHandler                           0x08000117   Thumb Code     0  stm32f10x.o(.text)
    CAN_RX1_IRQHandler                       0x08000117   Thumb Code     0  stm32f10x.o(.text)
    CAN_SCE_IRQHandler                       0x08000117   Thumb Code     0  stm32f10x.o(.text)
    DMAChannel1_IRQHandler                   0x08000117   Thumb Code     0  stm32f10x.o(.text)
    DMAChannel2_IRQHandler                   0x08000117   Thumb Code     0  stm32f10x.o(.text)
    DMAChannel3_IRQHandler                   0x08000117   Thumb Code     0  stm32f10x.o(.text)
    DMAChannel4_IRQHandler                   0x08000117   Thumb Code     0  stm32f10x.o(.text)
    DMAChannel5_IRQHandler                   0x08000117   Thumb Code     0  stm32f10x.o(.text)
    DMAChannel6_IRQHandler                   0x08000117   Thumb Code     0  stm32f10x.o(.text)
    DMAChannel7_IRQHandler                   0x08000117   Thumb Code     0  stm32f10x.o(.text)
    EXTI15_10_IRQHandler                     0x08000117   Thumb Code     0  stm32f10x.o(.text)
    EXTI3_IRQHandler                         0x08000117   Thumb Code     0  stm32f10x.o(.text)
    EXTI4_IRQHandler                         0x08000117   Thumb Code     0  stm32f10x.o(.text)
    EXTI9_5_IRQHandler                       0x08000117   Thumb Code     0  stm32f10x.o(.text)
    FLASH_IRQHandler                         0x08000117   Thumb Code     0  stm32f10x.o(.text)
    I2C1_ER_IRQHandler                       0x08000117   Thumb Code     0  stm32f10x.o(.text)
    I2C1_EV_IRQHandler                       0x08000117   Thumb Code     0  stm32f10x.o(.text)
    I2C2_ER_IRQHandler                       0x08000117   Thumb Code     0  stm32f10x.o(.text)
    I2C2_EV_IRQHandler                       0x08000117   Thumb Code     0  stm32f10x.o(.text)
    PVD_IRQHandler                           0x08000117   Thumb Code     0  stm32f10x.o(.text)
    RCC_IRQHandler                           0x08000117   Thumb Code     0  stm32f10x.o(.text)
    RTCAlarm_IRQHandler                      0x08000117   Thumb Code     0  stm32f10x.o(.text)
    RTC_IRQHandler                           0x08000117   Thumb Code     0  stm32f10x.o(.text)
    SPI1_IRQHandler                          0x08000117   Thumb Code     0  stm32f10x.o(.text)
    SPI2_IRQHandler                          0x08000117   Thumb Code     0  stm32f10x.o(.text)
    TAMPER_IRQHandler                        0x08000117   Thumb Code     0  stm32f10x.o(.text)
    TIM1_BRK_IRQHandler                      0x08000117   Thumb Code     0  stm32f10x.o(.text)
    TIM1_CC_IRQHandler                       0x08000117   Thumb Code     0  stm32f10x.o(.text)
    TIM1_TRG_COM_IRQHandler                  0x08000117   Thumb Code     0  stm32f10x.o(.text)
    TIM1_UP_IRQHandler                       0x08000117   Thumb Code     0  stm32f10x.o(.text)
    TIM2_IRQHandler                          0x08000117   Thumb Code     0  stm32f10x.o(.text)
    TIM4_IRQHandler                          0x08000117   Thumb Code     0  stm32f10x.o(.text)
    USART1_IRQHandler                        0x08000117   Thumb Code     0  stm32f10x.o(.text)
    USART2_IRQHandler                        0x08000117   Thumb Code     0  stm32f10x.o(.text)
    USART3_IRQHandler                        0x08000117   Thumb Code     0  stm32f10x.o(.text)
    USBWakeUp_IRQHandler                     0x08000117   Thumb Code     0  stm32f10x.o(.text)
    USB_HP_CAN_TX_IRQHandler                 0x08000117   Thumb Code     0  stm32f10x.o(.text)
    USB_LP_CAN_RX0_IRQHandler                0x08000117   Thumb Code     0  stm32f10x.o(.text)
    WWDG_IRQHandler                          0x08000117   Thumb Code     0  stm32f10x.o(.text)
    Signal                                   0x0800011d   Thumb Code   252  test.o(.text)
    SignalV                                  0x08000219   Thumb Code   254  test.o(.text)
    main                                     0x08000317   Thumb Code   102  test.o(.text)
    delay_init                               0x08000391   Thumb Code    56  delay.o(.text)
    delay_ms                                 0x080003c9   Thumb Code    54  delay.o(.text)
    delay_us                                 0x080003ff   Thumb Code    54  delay.o(.text)
    MY_NVIC_SetVectorTable                   0x0800043d   Thumb Code    12  sys.o(.text)
    MY_NVIC_PriorityGroupConfig              0x08000449   Thumb Code    36  sys.o(.text)
    MY_NVIC_Init                             0x0800046d   Thumb Code   156  sys.o(.text)
    Ex_NVIC_Config                           0x08000509   Thumb Code   146  sys.o(.text)
    MYRCC_DeInit                             0x0800059b   Thumb Code    90  sys.o(.text)
    Stm32_Clock_Init                         0x080005f5   Thumb Code   130  sys.o(.text)
    LED_Init                                 0x080006a9   Thumb Code   120  led.o(.text)
    LedValue                                 0x08000721   Thumb Code    28  led.o(.text)
    SetLed                                   0x0800073d   Thumb Code    78  led.o(.text)
    PortationDisplay                         0x0800078b   Thumb Code    78  led.o(.text)
    EXTI0_IRQHandler                         0x080007fd   Thumb Code    60  exti.o(.text)
    EXTI1_IRQHandler                         0x08000839   Thumb Code    58  exti.o(.text)
    EXTI2_IRQHandler                         0x08000873   Thumb Code    62  exti.o(.text)
    EXTIX_Init                               0x080008b1   Thumb Code   108  exti.o(.text)
    TimerxInit                               0x08000949   Thumb Code    72  timer.o(.text)
    TIM3_IRQHandler                          0x08000991   Thumb Code    76  timer.o(.text)
    Decline                                  0x080009dd   Thumb Code   238  timer.o(.text)
    __scatterload                            0x08000ae9   Thumb Code    28  init.o(.text)
    __scatterload_rt2                        0x08000ae9   Thumb Code     0  init.o(.text)
    __scatterload_copy                       0x08000b0d   Thumb Code    14  handlers.o(i.__scatterload_copy)
    __scatterload_null                       0x08000b1b   Thumb Code     2  handlers.o(i.__scatterload_null)
    __scatterload_zeroinit                   0x08000b1d   Thumb Code    14  handlers.o(i.__scatterload_zeroinit)
    Region$$Table$$Base                      0x08000b2c   Number         0  anon$$obj.o(Region$$Table)
    Region$$Table$$Limit                     0x08000b4c   Number         0  anon$$obj.o(Region$$Table)
    red                                      0x20000000   Data           1  test.o(.data)
    green                                    0x20000001   Data           1  test.o(.data)
    state                                    0x20000002   Data           1  test.o(.data)
    keystate                                 0x20000003   Data           1  test.o(.data)
    segTable                                 0x20000008   Data          10  led.o(.data)
    segTablePortation                        0x20000012   Data          10  led.o(.data)
    rtimes                                   0x2000001c   Data           1  exti.o(.data)
    gtimes                                   0x2000001d   Data           1  exti.o(.data)
    time                                     0x2000001e   Data           1  timer.o(.data)
    __initial_sp                             0x20000220   Data           0  stm32f10x.o(STACK)



==============================================================================

Memory Map of the image

  Image Entry point : 0x080000ed

  Load Region LR_IROM1 (Base: 0x08000000, Size: 0x00000b6c, Max: 0x00020000, ABSOLUTE)

    Execution Region ER_IROM1 (Base: 0x08000000, Size: 0x00000b4c, Max: 0x00020000, ABSOLUTE)

    Base Addr    Size         Type   Attr      Idx    E Section Name        Object

    0x08000000   0x000000ec   Data   RO            3    RESET               stm32f10x.o
    0x080000ec   0x00000000   Code   RO          145  * .ARM.Collect$$$$00000000  mc_w.l(entry.o)
    0x080000ec   0x00000004   Code   RO          148    .ARM.Collect$$$$00000001  mc_w.l(entry2.o)
    0x080000f0   0x00000004   Code   RO          151    .ARM.Collect$$$$00000004  mc_w.l(entry5.o)
    0x080000f4   0x00000000   Code   RO          153    .ARM.Collect$$$$00000008  mc_w.l(entry7b.o)
    0x080000f4   0x00000000   Code   RO          155    .ARM.Collect$$$$0000000A  mc_w.l(entry8b.o)
    0x080000f4   0x00000008   Code   RO          156    .ARM.Collect$$$$0000000B  mc_w.l(entry9a.o)
    0x080000fc   0x00000000   Code   RO          158    .ARM.Collect$$$$0000000D  mc_w.l(entry10a.o)
    0x080000fc   0x00000000   Code   RO          160    .ARM.Collect$$$$0000000F  mc_w.l(entry11a.o)
    0x080000fc   0x00000004   Code   RO          149    .ARM.Collect$$$$00002712  mc_w.l(entry2.o)
    0x08000100   0x0000001c   Code   RO            4    .text               stm32f10x.o
    0x0800011c   0x00000274   Code   RO           10    .text               test.o
    0x08000390   0x000000ac   Code   RO           59    .text               delay.o
    0x0800043c   0x0000026c   Code   RO           73    .text               sys.o
    0x080006a8   0x00000154   Code   RO           85    .text               led.o
    0x080007fc   0x0000014c   Code   RO          113    .text               exti.o
    0x08000948   0x000001a0   Code   RO          129    .text               timer.o
    0x08000ae8   0x00000024   Code   RO          162    .text               mc_w.l(init.o)
    0x08000b0c   0x0000000e   Code   RO          166    i.__scatterload_copy  mc_w.l(handlers.o)
    0x08000b1a   0x00000002   Code   RO          167    i.__scatterload_null  mc_w.l(handlers.o)
    0x08000b1c   0x0000000e   Code   RO          168    i.__scatterload_zeroinit  mc_w.l(handlers.o)
    0x08000b2a   0x00000002   PAD
    0x08000b2c   0x00000020   Data   RO          164    Region$$Table       anon$$obj.o


    Execution Region RW_IRAM1 (Base: 0x20000000, Size: 0x00000220, Max: 0x00005000, ABSOLUTE)

    Base Addr    Size         Type   Attr      Idx    E Section Name        Object

    0x20000000   0x00000004   Data   RW           11    .data               test.o
    0x20000004   0x00000004   Data   RW           60    .data               delay.o
    0x20000008   0x00000014   Data   RW           86    .data               led.o
    0x2000001c   0x00000002   Data   RW          114    .data               exti.o
    0x2000001e   0x00000001   Data   RW          130    .data               timer.o
    0x2000001f   0x00000001   PAD
    0x20000020   0x00000200   Zero   RW            1    STACK               stm32f10x.o


==============================================================================

Image component sizes


      Code (inc. data)   RO Data    RW Data    ZI Data      Debug   Object Name

       172          8          0          4          0        931   delay.o
       332         44          0          2          0       1116   exti.o
       340         36          0         20          0       1537   led.o
        28          4        236          0        512        724   stm32f10x.o
       620         50          0          0          0       1875   sys.o
       628         20          0          4          0       3813   test.o
       416         30          0          1          0       1048   timer.o

    ----------------------------------------------------------------------
      2536        192        268         32        512      11044   Object Totals
         0          0         32          0          0          0   (incl. Generated)
         0          0          0          1          0          0   (incl. Padding)

    ----------------------------------------------------------------------

      Code (inc. data)   RO Data    RW Data    ZI Data      Debug   Library Member Name

         0          0          0          0          0          0   entry.o
         0          0          0          0          0          0   entry10a.o
         0          0          0          0          0          0   entry11a.o
         8          4          0          0          0          0   entry2.o
         4          0          0          0          0          0   entry5.o
         0          0          0          0          0          0   entry7b.o
         0          0          0          0          0          0   entry8b.o
         8          4          0          0          0          0   entry9a.o
        30          0          0          0          0          0   handlers.o
        36          8          0          0          0         68   init.o

    ----------------------------------------------------------------------
        88         16          0          0          0         68   Library Totals
         2          0          0          0          0          0   (incl. Padding)

    ----------------------------------------------------------------------

      Code (inc. data)   RO Data    RW Data    ZI Data      Debug   Library Name

        86         16          0          0          0         68   mc_w.l

    ----------------------------------------------------------------------
        88         16          0          0          0         68   Library Totals

    ----------------------------------------------------------------------

==============================================================================


      Code (inc. data)   RO Data    RW Data    ZI Data      Debug   

      2624        208        268         32        512      10748   Grand Totals
      2624        208        268         32        512      10748   ELF Image Totals
      2624        208        268         32          0          0   ROM Totals

==============================================================================

    Total RO  Size (Code + RO Data)                 2892 (   2.82kB)
    Total RW  Size (RW Data + ZI Data)               544 (   0.53kB)
    Total ROM Size (Code + RO Data + RW Data)       2924 (   2.86kB)

==============================================================================

